// Jest Snapshot v1, https://goo.gl/fbAQLP

exports[`Authorize/SignInForm component should render a wrapper element 1`] = `
<div
  className="SignInForm-root-1"
>
  <withStyles(Typography)
    align="center"
    type="title"
  >
    Sign In
  </withStyles(Typography)>
  <TextField
    error={false}
    helperText=""
    label="Email"
    name="email"
    onBlur={[Function]}
    onChange={[Function]}
    required={false}
    select={false}
    type="email"
    value=""
  />
  <TextField
    error={false}
    helperText=""
    label="Password"
    name="password"
    onBlur={[Function]}
    onChange={[Function]}
    required={false}
    select={false}
    type="password"
    value=""
  />
  <div
    className="SignInForm-action-2"
  >
    <withStyles(Button)
      color="primary"
      onClick={[Function]}
      raised={true}
    >
      Sign In
    </withStyles(Button)>
  </div>
</div>
`;
