// Jest Snapshot v1, https://goo.gl/fbAQLP

exports[`Authorize/SignUpForm component should render a wrapper element 1`] = `
<div
  className="SignUpForm-root-1"
>
  <h2
    style={
      Object {
        "textAlign": "center",
      }
    }
  >
    Sign Up
  </h2>
  <TextField
    error={false}
    helperText=""
    label="Email"
    name="email"
    onBlur={[Function]}
    onChange={[Function]}
    required={false}
    select={false}
    type="email"
    value=""
  />
  <TextField
    error={false}
    helperText=""
    label="Password"
    name="password"
    onBlur={[Function]}
    onChange={[Function]}
    required={false}
    select={false}
    type="password"
    value=""
  />
  <div
    className="SignUpForm-action-2"
  >
    <withStyles(Button)
      color="primary"
      onClick={[Function]}
      raised={true}
    >
      Sign Up
    </withStyles(Button)>
  </div>
</div>
`;
